I'm sorry, but errors were detected in your script. Please correct the
errors listed below, and try again.


File "game/script.rpy", line 107: is not terminated with a newline. (Check strings and parenthesis.)
(Perhaps you left out a " at the end of the first line.)
        Giorgio "Oh *sniff* 

Ren'Py Version: Ren'Py 6.99.1.329
